[2026-10-07 12:08:45] local.DEBUG: 🔵 Bắt đầu edit salary file {"id":"79"} 
[2026-10-07 12:08:45] local.DEBUG: ⏱️ Load file Excel {"time_ms":90.39} 
[2026-10-07 12:08:45] local.INFO: ✅ Đọc sheet 'Bảng Lương' thành công {"sheet_name":"Bảng lương","total_rows":113,"total_cols":20,"data_rows":113,"read_data_time_ms":58.3,"total_time_ms":149.43} 
[2026-10-07 12:08:45] local.DEBUG: Không tìm thấy cột tên trong header, fallback sang cột B (index 1)  
[2026-10-07 12:08:45] local.DEBUG: ✅ Thêm dòng 2 vào danh sách {"stt":1,"name":"Hoàng Văn Thành","row":2} 
[2026-10-07 12:08:45] local.DEBUG: ✅ Thêm dòng 3 vào danh sách {"stt":2,"name":"Phan Đức Quân","row":3} 
[2026-10-07 12:08:45] local.DEBUG: ✅ Thêm dòng 4 vào danh sách {"stt":3,"name":"Lê Việt Thắng","row":4} 
[2026-10-07 12:08:45] local.DEBUG: Trích xuất danh sách nhân viên {"start_row":2,"end_row":113,"total_employees":112} 
[2026-10-07 12:08:45] local.DEBUG: ⏱️ Thời gian xử lý Excel trong edit() {"read_excel_time_ms":149.62,"extract_employees_time_ms":0.64,"using_sheet_file":true} 
[2026-10-07 12:08:45] local.INFO: 🟢 Hoàn thành edit salary file {"id":"79","total_request_time_ms":844.65} 
[2026-10-07 12:13:35] local.DEBUG: 🔵 Bắt đầu edit salary file {"id":"79"} 
[2026-10-07 12:13:35] local.DEBUG: ⏱️ Load file Excel {"time_ms":92.38} 
[2026-10-07 12:13:36] local.INFO: ✅ Đọc sheet 'Bảng Lương' thành công {"sheet_name":"Bảng lương","total_rows":113,"total_cols":20,"data_rows":113,"read_data_time_ms":57.35,"total_time_ms":150.62} 
[2026-10-07 12:13:36] local.DEBUG: Không tìm thấy cột tên trong header, fallback sang cột B (index 1)  
[2026-10-07 12:13:36] local.DEBUG: ✅ Thêm dòng 2 vào danh sách {"stt":1,"name":"Hoàng Văn Thành","row":2} 
[2026-10-07 12:13:36] local.DEBUG: ✅ Thêm dòng 3 vào danh sách {"stt":2,"name":"Phan Đức Quân","row":3} 
[2026-10-07 12:13:36] local.DEBUG: ✅ Thêm dòng 4 vào danh sách {"stt":3,"name":"Lê Việt Thắng","row":4} 
[2026-10-07 12:13:36] local.DEBUG: Trích xuất danh sách nhân viên {"start_row":2,"end_row":113,"total_employees":112} 
[2026-10-07 12:13:36] local.DEBUG: ⏱️ Thời gian xử lý Excel trong edit() {"read_excel_time_ms":150.81,"extract_employees_time_ms":0.65,"using_sheet_file":true} 
[2026-10-07 12:13:36] local.INFO: 🟢 Hoàn thành edit salary file {"id":"79","total_request_time_ms":781.89} 
[2026-10-07 12:15:07] local.DEBUG: 🔵 Bắt đầu edit salary file {"id":"79"} 
[2026-10-07 12:15:26] local.DEBUG: 🔵 Bắt đầu edit salary file {"id":"79"} 
[2026-10-07 12:15:34] local.DEBUG: 🔵 Bắt đầu edit salary file {"id":"79"} 
[2026-10-07 12:15:34] local.DEBUG: ⏱️ Load file Excel {"time_ms":130.7} 
[2026-10-07 12:15:34] local.INFO: ✅ Đọc sheet 'Bảng Lương' thành công {"sheet_name":"Bảng lương","total_rows":113,"total_cols":20,"data_rows":113,"read_data_time_ms":56.74,"total_time_ms":188.18} 
[2026-10-07 12:15:34] local.DEBUG: Không tìm thấy cột tên trong header, fallback sang cột B (index 1)  
[2026-10-07 12:15:34] local.DEBUG: ✅ Thêm dòng 2 vào danh sách {"stt":1,"name":"Hoàng Văn Thành","row":2} 
[2026-10-07 12:15:34] local.DEBUG: ✅ Thêm dòng 3 vào danh sách {"stt":2,"name":"Phan Đức Quân","row":3} 
[2026-10-07 12:15:34] local.DEBUG: ✅ Thêm dòng 4 vào danh sách {"stt":3,"name":"Lê Việt Thắng","row":4} 
[2026-10-07 12:15:34] local.DEBUG: Trích xuất danh sách nhân viên {"start_row":2,"end_row":113,"total_employees":112} 
[2026-10-07 12:15:34] local.DEBUG: ⏱️ Thời gian xử lý Excel trong edit() {"read_excel_time_ms":188.38,"extract_employees_time_ms":0.7,"using_sheet_file":true} 
[2026-10-07 12:15:34] local.INFO: 🟢 Hoàn thành edit salary file {"id":"79","total_request_time_ms":796.4} 
[2026-10-07 12:15:39] local.DEBUG: 🔵 Bắt đầu edit salary file {"id":"79"} 
[2026-10-07 12:15:40] local.DEBUG: ⏱️ Load file Excel {"time_ms":95.65} 
[2026-10-07 12:15:40] local.INFO: ✅ Đọc sheet 'Bảng Lương' thành công {"sheet_name":"Bảng lương","total_rows":113,"total_cols":20,"data_rows":113,"read_data_time_ms":58.03,"total_time_ms":154.93} 
[2026-10-07 12:15:42] local.DEBUG: 🔵 Bắt đầu edit salary file {"id":"79"} 
[2026-10-07 12:15:43] local.DEBUG: ⏱️ Load file Excel {"time_ms":94.95} 
[2026-10-07 12:15:43] local.INFO: ✅ Đọc sheet 'Bảng Lương' thành công {"sheet_name":"Bảng lương","total_rows":113,"total_cols":20,"data_rows":113,"read_data_time_ms":58.2,"total_time_ms":153.91} 
[2026-10-07 12:15:43] local.DEBUG: Không tìm thấy cột tên trong header, fallback sang cột B (index 1)  
[2026-10-07 12:15:43] local.DEBUG: ✅ Thêm dòng 2 vào danh sách {"stt":1,"name":"Hoàng Văn Thành","row":2} 
[2026-10-07 12:15:43] local.DEBUG: ✅ Thêm dòng 3 vào danh sách {"stt":2,"name":"Phan Đức Quân","row":3} 
[2026-10-07 12:15:43] local.DEBUG: ✅ Thêm dòng 4 vào danh sách {"stt":3,"name":"Lê Việt Thắng","row":4} 
[2026-10-07 12:15:43] local.DEBUG: Trích xuất danh sách nhân viên {"start_row":2,"end_row":113,"total_employees":112} 
[2026-10-07 12:15:43] local.DEBUG: ⏱️ Thời gian xử lý Excel trong edit() {"read_excel_time_ms":154.24,"extract_employees_time_ms":0.69,"using_sheet_file":true} 
[2026-10-07 12:15:43] local.INFO: 🟢 Hoàn thành edit salary file {"id":"79","total_request_time_ms":775.04} 
[2026-10-07 12:15:48] local.DEBUG: ⏱️ Load file Excel {"time_ms":92.37} 
[2026-10-07 12:15:48] local.INFO: ✅ Đọc sheet 'Bảng Lương' thành công {"sheet_name":"Bảng lương","total_rows":113,"total_cols":20,"data_rows":113,"read_data_time_ms":57.49,"total_time_ms":151.08} 
[2026-10-07 12:15:54] local.DEBUG: ⏱️ Load file Excel {"time_ms":99.25} 
[2026-10-07 12:15:54] local.INFO: ✅ Đọc sheet 'Bảng Lương' thành công {"sheet_name":"Bảng lương","total_rows":113,"total_cols":20,"data_rows":113,"read_data_time_ms":62.89,"total_time_ms":163.71} 
[2026-10-07 12:16:05] local.DEBUG: ⏱️ Load file Excel {"time_ms":91.23} 
[2026-10-07 12:16:05] local.INFO: ✅ Đọc sheet 'Bảng Lương' thành công {"sheet_name":"Bảng lương","total_rows":113,"total_cols":20,"data_rows":113,"read_data_time_ms":56.89,"total_time_ms":149.44} 
[2026-10-07 12:16:21] local.DEBUG: ⏱️ Load file Excel {"time_ms":93.9} 
[2026-10-07 12:16:21] local.INFO: ✅ Đọc sheet 'Bảng Lương' thành công {"sheet_name":"Bảng lương","total_rows":113,"total_cols":20,"data_rows":113,"read_data_time_ms":60.61,"total_time_ms":155.84} 
[2026-10-07 12:16:42] local.DEBUG: ⏱️ Load file Excel {"time_ms":91.71} 
[2026-10-07 12:16:42] local.INFO: ✅ Đọc sheet 'Bảng Lương' thành công {"sheet_name":"Bảng lương","total_rows":113,"total_cols":20,"data_rows":113,"read_data_time_ms":69.92,"total_time_ms":163.35} 
[2026-10-07 12:17:08] local.DEBUG: ⏱️ Load file Excel {"time_ms":92.26} 
[2026-10-07 12:17:08] local.INFO: ✅ Đọc sheet 'Bảng Lương' thành công {"sheet_name":"Bảng lương","total_rows":113,"total_cols":20,"data_rows":113,"read_data_time_ms":60.13,"total_time_ms":153.68} 
[2026-10-07 12:17:23] local.INFO: 🟢 Hoàn thành edit salary file {"id":"79","total_request_time_ms":135519.43} 
[2026-10-07 12:17:39] local.INFO: 🟢 Hoàn thành edit salary file {"id":"79","total_request_time_ms":133577.22} 
[2026-10-07 12:17:39] local.DEBUG: ⏱️ Load file Excel {"time_ms":100.29} 
[2026-10-07 12:17:39] local.INFO: ✅ Đọc sheet 'Bảng Lương' thành công {"sheet_name":"Bảng lương","total_rows":113,"total_cols":20,"data_rows":113,"read_data_time_ms":62.14,"total_time_ms":163.86} 
[2026-10-07 12:17:56] local.DEBUG: ⏱️ Load file Excel {"time_ms":102.58} 
[2026-10-07 12:17:56] local.INFO: ✅ Đọc sheet 'Bảng Lương' thành công {"sheet_name":"Bảng lương","total_rows":113,"total_cols":20,"data_rows":113,"read_data_time_ms":66.01,"total_time_ms":169.43} 
[2026-10-07 12:17:56] local.DEBUG: Không tìm thấy cột tên trong header, fallback sang cột B (index 1)  
[2026-10-07 12:17:56] local.DEBUG: ✅ Thêm dòng 2 vào danh sách {"stt":1,"name":"Hoàng Văn Thành","row":2} 
[2026-10-07 12:17:56] local.DEBUG: ✅ Thêm dòng 3 vào danh sách {"stt":2,"name":"Phan Đức Quân","row":3} 
[2026-10-07 12:17:56] local.DEBUG: ✅ Thêm dòng 4 vào danh sách {"stt":3,"name":"Lê Việt Thắng","row":4} 
[2026-10-07 12:17:56] local.DEBUG: Trích xuất danh sách nhân viên {"start_row":2,"end_row":113,"total_employees":112} 
[2026-10-07 12:17:56] local.DEBUG: ⏱️ Thời gian xử lý Excel trong edit() {"read_excel_time_ms":169.65,"extract_employees_time_ms":0.8,"using_sheet_file":true} 
[2026-10-07 12:17:56] local.INFO: 🟢 Hoàn thành edit salary file {"id":"79","total_request_time_ms":137016.89} 
[2026-10-07 12:18:11] local.DEBUG: ⏱️ Load file Excel {"time_ms":103.96} 
[2026-10-07 12:18:11] local.INFO: ✅ Đọc sheet 'Bảng Lương' thành công {"sheet_name":"Bảng lương","total_rows":113,"total_cols":20,"data_rows":113,"read_data_time_ms":69.0,"total_time_ms":175.05} 
[2026-10-07 12:18:42] local.DEBUG: ⏱️ Load file Excel {"time_ms":134.49} 
[2026-10-07 12:18:42] local.INFO: ✅ Đọc sheet 'Bảng Lương' thành công {"sheet_name":"Bảng lương","total_rows":113,"total_cols":20,"data_rows":113,"read_data_time_ms":61.36,"total_time_ms":197.16} 
[2026-10-07 12:19:14] local.DEBUG: ⏱️ Load file Excel {"time_ms":99.45} 
[2026-10-07 12:19:14] local.INFO: ✅ Đọc sheet 'Bảng Lương' thành công {"sheet_name":"Bảng lương","total_rows":113,"total_cols":20,"data_rows":113,"read_data_time_ms":61.15,"total_time_ms":162.29} 
[2026-10-07 12:19:25] local.DEBUG: 🔵 Bắt đầu edit salary file {"id":"79"} 
[2026-10-07 12:19:26] local.DEBUG: ⏱️ Load file Excel {"time_ms":90.5} 
[2026-10-07 12:19:26] local.INFO: ✅ Đọc sheet 'Bảng Lương' thành công {"sheet_name":"Bảng lương","total_rows":113,"total_cols":20,"data_rows":113,"read_data_time_ms":83.06,"total_time_ms":174.4} 
[2026-10-07 12:19:26] local.DEBUG: Không tìm thấy cột tên trong header, fallback sang cột B (index 1)  
[2026-10-07 12:19:26] local.DEBUG: ✅ Thêm dòng 2 vào danh sách {"stt":1,"name":"Hoàng Văn Thành","row":2} 
[2026-10-07 12:19:26] local.DEBUG: ✅ Thêm dòng 3 vào danh sách {"stt":2,"name":"Phan Đức Quân","row":3} 
[2026-10-07 12:19:26] local.DEBUG: ✅ Thêm dòng 4 vào danh sách {"stt":3,"name":"Lê Việt Thắng","row":4} 
[2026-10-07 12:19:26] local.DEBUG: Trích xuất danh sách nhân viên {"start_row":2,"end_row":113,"total_employees":112} 
[2026-10-07 12:19:26] local.DEBUG: ⏱️ Thời gian xử lý Excel trong edit() {"read_excel_time_ms":174.66,"extract_employees_time_ms":1.08,"using_sheet_file":true} 
[2026-10-07 12:19:26] local.INFO: 🟢 Hoàn thành edit salary file {"id":"79","total_request_time_ms":808.12} 
[2026-10-07 12:19:31] local.DEBUG: ⏱️ Load file Excel {"time_ms":95.68} 
[2026-10-07 12:19:31] local.INFO: ✅ Đọc sheet 'Bảng Lương' thành công {"sheet_name":"Bảng lương","total_rows":113,"total_cols":20,"data_rows":113,"read_data_time_ms":60.39,"total_time_ms":157.81} 
[2026-10-07 12:19:37] local.DEBUG: ⏱️ Load file Excel {"time_ms":91.8} 
[2026-10-07 12:19:38] local.INFO: ✅ Đọc sheet 'Bảng Lương' thành công {"sheet_name":"Bảng lương","total_rows":113,"total_cols":20,"data_rows":113,"read_data_time_ms":57.64,"total_time_ms":150.79} 
